$ pnpm exec eslint --cache

/home/dev/projects/ilaila/src/app/api/businesses/route.ts
  88:44  error  Unexpected any. Specify a different type  @typescript-eslint/no-explicit-any

/home/dev/projects/ilaila/src/app/api/foods/route.ts
  58:69  error  Unexpected any. Specify a different type  @typescript-eslint/no-explicit-any

/home/dev/projects/ilaila/src/app/businesses/types.ts
  12:32  warning  'T' is defined but never used             @typescript-eslint/no-unused-vars
  12:37  error    Unexpected any. Specify a different type  @typescript-eslint/no-explicit-any

/home/dev/projects/ilaila/src/app/foods/types.ts
  28:28  warning  'T' is defined but never used             @typescript-eslint/no-unused-vars
  28:33  error    Unexpected any. Specify a different type  @typescript-eslint/no-explicit-any

/home/dev/projects/ilaila/src/lib/infra.ts
  1:15  warning  'StorageManager' is defined but never used  @typescript-eslint/no-unused-vars
  3:36  error    Unexpected any. Specify a different type    @typescript-eslint/no-explicit-any

/home/dev/projects/ilaila/src/services/business-service.ts
  109:44  error  Unexpected any. Specify a different type  @typescript-eslint/no-explicit-any
  110:44  error  Unexpected any. Specify a different type  @typescript-eslint/no-explicit-any

/home/dev/projects/ilaila/src/services/food-service.ts
  14:40  warning  'options' is defined but never used       @typescript-eslint/no-unused-vars
  62:40  error    Unexpected any. Specify a different type  @typescript-eslint/no-explicit-any

✖ 12 problems (8 errors, 4 warnings)

[ELIFECYCLE] Command failed with exit code 1.
